# serializer version: 1
# name: test_inverter_readings
  dict({
    'common': dict({
      'device_address': 1,
      'manufacturer': 'SolarEdge ',
      'model': 'SE17K-RW0T0BNN4',
      'option': '',
      'serial_number': '7E1DBB39',
      'version': '0004.0021.0023',
    }),
    'export_control': dict({
      '_mode_raw': 0,
      'external_production_max': 0.0,
      'limit_type': <ExportControlLimit.TOTAL: 0>,
      'site_limit_raw': -3.4028234663852886e+38,
    }),
    'inverter': dict({
      '_grid_status': 0,
      'ac_current': 3.95,
      'ac_current_a': 1.31,
      'ac_current_b': 1.33,
      'ac_current_c': 1.3,
      'ac_energy': 43934840,
      'ac_frequency': 49.98,
      'ac_power': 865.0,
      'ac_power_factor': -95.57,
      'ac_va': 904.3,
      'ac_var': -264.0,
      'ac_voltage_ab': 397.6,
      'ac_voltage_an': 228.9,
      'ac_voltage_bc': 396.0,
      'ac_voltage_bn': 230.0,
      'ac_voltage_ca': 395.1,
      'ac_voltage_cn': 227.5,
      'dc_current': 1.1756,
      'dc_power': 878.1,
      'dc_voltage': 746.9,
      'did': <SunSpecDID.THREE_PHASE_INVERTER: 103>,
      'status': <InverterStatus.PRODUCING: 4>,
      'temperature_cabinet': None,
      'temperature_heatsink': 38.88,
      'temperature_other': None,
      'temperature_transformer': None,
      'vendor_status': 0,
      'vendor_status_extended': 0,
    }),
    'power_control': dict({
      'active_power_limit': 100,
      'cos_phi': 1.0,
      'rrcr_state': 0,
    }),
    'storage_control': dict({
      'ac_charge_limit': 0.0,
      'ac_charge_policy': <StorageChargePolicy.ALWAYS: 1>,
      'backup_reserve': 0.0,
      'charge_limit': 5400.0,
      'command_mode': None,
      'command_timeout': 3600,
      'control_mode': <StorageControlMode.DISABLED: 0>,
      'default_mode': <StorageMode.SOLAR_ONLY: 0>,
      'discharge_limit': 5400.0,
    }),
  })
# ---
